../Core/Src/main.c:86:5:main	8	static
../Core/Src/main.c:137:6:SystemClock_Config	104	static
../Core/Src/main.c:188:13:MX_ADC1_Init	24	static
../Core/Src/main.c:238:13:MX_I2C1_Init	8	static
../Core/Src/main.c:272:13:MX_RTC_Init	8	static
../Core/Src/main.c:306:13:MX_SPI1_Init	8	static
../Core/Src/main.c:344:13:MX_USART1_UART_Init	8	static
../Core/Src/main.c:377:13:MX_USART2_UART_Init	8	static
../Core/Src/main.c:410:13:MX_USART6_UART_Init	8	static
../Core/Src/main.c:443:13:MX_USB_OTG_FS_PCD_Init	8	static
../Core/Src/main.c:478:13:MX_GPIO_Init	48	static
../Core/Src/main.c:550:6:Error_Handler	4	static
